[www.remitly.com/us/en/users/login.html]
[backblue.gif]
[fade.gif]
[index.html]
[dqyag3aekzepn.cloudfront.net/assets/brand-scss_a8601be05063216ec0f6e055f3f7ecf0.min.css]
[dqyag3aekzepn.cloudfront.net/assets/signed-out_431c0b97718cf5e70b9d02804d2f7617.min.css]
[dqyag3aekzepn.cloudfront.net/assets/cms_411f6f5c2f4be409d082c78a5b2597e7.min.css]
[media.remitly.io/favicon_64x64_1d9b0f46f9f06dccc0.pJxANj5MOyQBtx4kg7wbc.png]
[media.remitly.io/favicon_76x76_366de4b6277451244a.7e3id1WPErXXOligoJNKs1.png]
[media.remitly.io/favicon_120x120_10b1bbff9d6fc610.2HCQygOMEZFzPlvbRQzWS1.png]
[media.remitly.io/favicon_152x152_fa8ac4af8d88bb79.5YUGJlGuKzcp7XY0GsJAep.png]
[media.remitly.io/favicon_167x167_f1c6726fcc695df6.4NCVwijQJZwuzOJD7llxJx.png]
[media.remitly.io/favicon_180x180_47e0f5d10fc5bdda.mF2bNq4K5hiIxn178ET8M.png]
[media.remitly.io/renderer-component-3rd-party-57a0008b4eb951d0913d.css]
[dqyag3aekzepn.cloudfront.net/assets/flags/USA_20x13@2x_d1f1225c8460cd0a02aeba45289e675d.png]
[www.remitly.com/us/en/users/register.html]
[dqyag3aekzepn.cloudfront.net/assets/proof-of-work_0fbda1f695d7c6d854b45908844c2278.min.js]
[www.remitly.com/assets/proof-of-work_0fbda1f695d7c6d854b45908844c2278.min6a1c.js]
[www.remitly.com/us/en/users/forgot_password.html]
[dqyag3aekzepn.cloudfront.net/assets/bugsnag_690a01b90bdacf188fd0bcc707307611.min.js]
[7d8dbb8e0562.o3n.io/cdn/f1cygjgyw5r0d6qs1lsc70c5k/imagea2a0.gif]
[dqyag3aekzepn.cloudfront.net/assets/gtm-frame_1a8d2361292ca533c06e8ea5a87e6d3e.min.js]
[dqyag3aekzepn.cloudfront.net/assets/signed_out_new_9a762a24170b30b00e760695700dad1d.min.js]
[dqyag3aekzepn.cloudfront.net/assets/signed_out_0571e0826fdd15e4c78cc93125a89fb6.min.js]
[media.remitly.io/caribou-renderer-client-0.1.1-469fd2748252f035a0d5.js]
[media.remitly.io/caribou-renderer-client-0.1.1-a9bc446904a7bce31853.js]
[media.remitly.io/caribou-renderer-client-0.1.1-5e5829500ff564e25f60.js]
[media.remitly.io/caribou-renderer-client-0.1.1-11e6cd30b459899ab862.js]
[www.remitly.com/us/en/users/login.html]
[dqyag3aekzepn.cloudfront.net/assets/@remitly/icon-font/orca-icons5fa7.eot]
[dqyag3aekzepn.cloudfront.net/assets/@remitly/icon-font/orca-icons5fa7.woff]
[dqyag3aekzepn.cloudfront.net/assets/@remitly/icon-font/orca-icons5fa7.ttf]
[dqyag3aekzepn.cloudfront.net/assets/@remitly/icon-font/orca-icons5fa7.svg]
[dqyag3aekzepn.cloudfront.net/assets/banks/logos_67d27923817916bfec700990d6f95c23.png]
[dqyag3aekzepn.cloudfront.net/assets/banks/logos_india_d020a837953af0c33e0d1595f2f43af9.jpg]
[dqyag3aekzepn.cloudfront.net/assets/banks/Gcash_delivery_logo3_4a8707addd19fa0af4e41b512cd5380b.png]
[dqyag3aekzepn.cloudfront.net/assets/banks/logos_mex_100x60_sprite_b712431db55ffd2079e1c48d4f381e56.png]
[dqyag3aekzepn.cloudfront.net/assets/banks/BBVA_c9670513d742636dbba2f46e11ce0d40.png]
[dqyag3aekzepn.cloudfront.net/assets/banks/BancoAgricola_029704ba9d174be698111790ae411584.png]
[dqyag3aekzepn.cloudfront.net/assets/banks/BancoAtlantida_bef26d547337bb1a156e05e76c7c65b4.png]
[dqyag3aekzepn.cloudfront.net/assets/banks/BancoBolivariano_81176453bec4749014814041a8e0e3b4.png]
[dqyag3aekzepn.cloudfront.net/assets/banks/BancoDelAustro_519f9be6bdd3a28283679b83fd7023f3.png]
[dqyag3aekzepn.cloudfront.net/assets/banks/BancoGuayaquil_aa7f2d5bdb259a29e1810fd221bb9fbf.png]
[dqyag3aekzepn.cloudfront.net/assets/banks/BancoIndustrial_18b7159995d64f65fd6f56b1fcede0c6.png]
[dqyag3aekzepn.cloudfront.net/assets/banks/BancoInternacional_a3660821590134c12e32eedde5fa3374.png]
[dqyag3aekzepn.cloudfront.net/assets/banks/BancoLafise_822da35365d8cd07eddf654534072dae.png]
[dqyag3aekzepn.cloudfront.net/assets/banks/Bancolombia_4d98053b734ad2a1a03b64299e3c9e51.png]
[dqyag3aekzepn.cloudfront.net/assets/banks/Banpro_eef114f09941f18776cac79e653dc800.png]
[dqyag3aekzepn.cloudfront.net/assets/banks/Banrural_540ad5522580741c95213e3616dc2d0e.png]
[dqyag3aekzepn.cloudfront.net/assets/banks/Credomatic_cbbaeb2084637af514b1fce51f3b85a9.png]
[dqyag3aekzepn.cloudfront.net/assets/banks/Davivienda_5b825f537a2a292798d58b6b933282ee.png]
[dqyag3aekzepn.cloudfront.net/assets/banks/Elektra_e094c0442184b080e193875c42264b20.png]
[dqyag3aekzepn.cloudfront.net/assets/banks/Fedecaces_c4c9603217466e67bd3e26cfd449ce39.png]
[dqyag3aekzepn.cloudfront.net/assets/banks/Ficohsa_a7ecbbecd5eef3f31eb9e78f46bfd09a.png]
[dqyag3aekzepn.cloudfront.net/assets/banks/Interbank_829e90397112191dc9d20dd8c85aa6d7.png]
[dqyag3aekzepn.cloudfront.net/assets/banks/Micoope_033c5e4f141a173f253099ef61a18d0c.png]
[dqyag3aekzepn.cloudfront.net/assets/banks/Servipagos_2188cb73e82b649883e4fb382d9f9267.png]
[dqyag3aekzepn.cloudfront.net/assets/banks/SistemaFedecredito_ffff3e59ebe7ee157bdd6d114dd046be.png]
[dqyag3aekzepn.cloudfront.net/assets/banks/Intermex_acee465222257b0752e211941a42721d.png]
[dqyag3aekzepn.cloudfront.net/assets/banks/Azteca_8167c3a634ac7296abdffa1cd395d23b.png]
[dqyag3aekzepn.cloudfront.net/assets/banks/BancoDelBajio_f0a42d91c2c47d066d9d6a5cba6d2396.png]
[dqyag3aekzepn.cloudfront.net/assets/banks/Banamex_31fbdece4080f7a48b872409098a8aef.png]
[dqyag3aekzepn.cloudfront.net/assets/banks/BancoBase_d11afb218cfbad91ef400d104562e9ee.png]
[dqyag3aekzepn.cloudfront.net/assets/banks/FamsaMex_1e256c344a54d479dd44a748dd841052.png]
[dqyag3aekzepn.cloudfront.net/assets/banks/Bancomext_3d2a4c199eb11ae1ed55395ce9fbfbc6.png]
[dqyag3aekzepn.cloudfront.net/assets/banks/Banjercito_52dcb52e97a6f1ba89c230e0081e4192.png]
[dqyag3aekzepn.cloudfront.net/assets/banks/Banregio_6a61c4004360ea1685d3bbd5b5c8d5d3.png]
[dqyag3aekzepn.cloudfront.net/assets/banks/Bansi_bb31c518bfa520ed5347f945dddbcb39.png]
[dqyag3aekzepn.cloudfront.net/assets/banks/CiBanco_94fadc22544e14359d257d90dd6390bf.png]
[dqyag3aekzepn.cloudfront.net/assets/banks/HSBC_a0c08370083ffda67b8b8ba3f0adc82c.png]
[dqyag3aekzepn.cloudfront.net/assets/banks/Inbursa_ec9d1068c4ba2c63a9713f87077881bb.png]
[dqyag3aekzepn.cloudfront.net/assets/banks/JPMorgan_e7a02fb5ef7237186baf386c3aa3922f.png]
[dqyag3aekzepn.cloudfront.net/assets/banks/Santander_5f1d52a0433d10f37937a35ea73757b1.png]
[dqyag3aekzepn.cloudfront.net/assets/banks/BankOfAmerica_36ec67d47284e009c36b0a8065863615.png]
[dqyag3aekzepn.cloudfront.net/assets/banks/BancoGTContinental_7724bfff787c10eb7462144ca191ab50.png]
[dqyag3aekzepn.cloudfront.net/assets/banks/BancoDeCreditoDelPeru_fbcf823397dd50388a05ad129e863574.png]
[dqyag3aekzepn.cloudfront.net/assets/banks/BancoOccidente_27474017eeb465e4f42ebe48d60a8443.png]
[dqyag3aekzepn.cloudfront.net/assets/logos/logo-horizontal-blue_161e8a0f5e69186b6ecb3e3d122e92ad.svg]
[dqyag3aekzepn.cloudfront.net/assets/logos/logo-full-horizontal-blue_c3c540e7b39e39bf2c8ec99463e19dc5.svg]
[dqyag3aekzepn.cloudfront.net/assets/logos/logo-full-horizontal-blue_es_1badda05043afbf229ef31ef5f45d0f4.svg]
[dqyag3aekzepn.cloudfront.net/assets/brand-scss_a8601be05063216ec0f6e055f3f7ecf0.min.css]
[dqyag3aekzepn.cloudfront.net/assets/logos/logo-full-horizontal-white_2062bbf73e88613dee8238428be77545.svg]
[dqyag3aekzepn.cloudfront.net/assets/login-generic-bkgd_4739011679cf1d006cf6568b2c69086b.jpg]
[dqyag3aekzepn.cloudfront.net/assets/icon_close_0fa9c4b9447f0a550d00127141cd39de.png]
[dqyag3aekzepn.cloudfront.net/assets/ic_lock_white_44394535ade0d3d4ec76271e3c0ed75e.png]
[dqyag3aekzepn.cloudfront.net/assets/password_sprite_62586abf433e535ded648302f48c1dc0.png]
[dqyag3aekzepn.cloudfront.net/assets/flags/PHL_64x43@2x_6453a505e9c7333f5701499ae8d23fd5.png]
[dqyag3aekzepn.cloudfront.net/assets/flags/IND_64x43@2x_5941673721194ac8ab66a41cc0019b2c.png]
[dqyag3aekzepn.cloudfront.net/assets/flags/MEX_64x43@2x_45767db51187648a6eed9e542e284519.png]
[dqyag3aekzepn.cloudfront.net/assets/flags/COL_64x43@2x_3e2b8f13def1612c19823fa881efc6f5.png]
[dqyag3aekzepn.cloudfront.net/assets/flags/ECU_64x43@2x_457106066618dffb7b9639b7c52674b0.png]
[dqyag3aekzepn.cloudfront.net/assets/flags/GTM_64x43@2x_daf7e40a3e7ceba66cceda179abb107c.png]
[dqyag3aekzepn.cloudfront.net/assets/flags/HND_64x43@2x_83eaabf0f18fe1df241b44432f10f2bd.png]
[dqyag3aekzepn.cloudfront.net/assets/flags/NIC_64x43@2x_898fea6ca036df057ac2703d7d20d7be.png]
[dqyag3aekzepn.cloudfront.net/assets/flags/PER_64x43@2x_8cdb66fe4ffaf2773143add0f46210bf.png]
[dqyag3aekzepn.cloudfront.net/assets/flags/SLV_64x43@2x_3eb8e88c96cf661fd5e238454179f30b.png]
[dqyag3aekzepn.cloudfront.net/assets/dd_arrow_ee53973f8ca22fe6716c7b8bc7df9901.png]
[dqyag3aekzepn.cloudfront.net/assets/signed-out_431c0b97718cf5e70b9d02804d2f7617.min.css]
[dqyag3aekzepn.cloudfront.net/assets/less-overrides_79c9cabc92d7d2c80812a85e16c82b6f.min.css]
[dqyag3aekzepn.cloudfront.net/assets/global-overlay-map_b8f0c65ed4fd73e5ac40b9a5b4bc2dc3.png]
[dqyag3aekzepn.cloudfront.net/assets/world-map-aus_9114b78f396b2067e66d2068c00a6ffc.png]
[media.remitly.io/seattlebackground_tue_dec_06_201.1d2XfDV2V3PxdaGuVHVlvr.jpg]
[dqyag3aekzepn.cloudfront.net/assets/cms_411f6f5c2f4be409d082c78a5b2597e7.min.css]
[media.remitly.io/renderer-component-3rd-party-57a0008b4eb951d0913d.css]
[www.remitly.com/us/en/users/register.html]
[dqyag3aekzepn.cloudfront.net/assets/webapp_3e0aa9365499b4080b67117f21c61c60.min.css]
[media.remitly.io/PHL_32x21@2x-47877a70d7270aac1b060029414b9f5a.png]
[www.remitly.com/us/en/users/forgot_password.html]
[dqyag3aekzepn.cloudfront.net/assets/@remitly/icon-font/orca-icons5fa7.svg]
[dqyag3aekzepn.cloudfront.net/assets/logos/logo-horizontal-blue_161e8a0f5e69186b6ecb3e3d122e92ad.svg]
[dqyag3aekzepn.cloudfront.net/assets/logos/logo-full-horizontal-blue_c3c540e7b39e39bf2c8ec99463e19dc5.svg]
[dqyag3aekzepn.cloudfront.net/assets/logos/logo-full-horizontal-blue_es_1badda05043afbf229ef31ef5f45d0f4.svg]
[dqyag3aekzepn.cloudfront.net/assets/logos/logo-full-horizontal-white_2062bbf73e88613dee8238428be77545.svg]
[dqyag3aekzepn.cloudfront.net/assets/webapp_3e0aa9365499b4080b67117f21c61c60.min.css]
[dqyag3aekzepn.cloudfront.net/assets/webapp_dc1249486c3d8cb5403474d954c9e57d.min.js]
